// Jest Snapshot v1, https://goo.gl/fbAQLP

exports[`builds tree 1`] = `
<div
  className="accordion"
/>
`;
